<?xml version="1.0" encoding="utf-8"?><testsuites name="pytest tests"><testsuite name="pytest" errors="0" failures="0" skipped="0" tests="438" time="12.126" timestamp="2026-09-12T15:01:18.381591+08:00" hostname="jencao"><testcase classname="mathlab.tests.integration.test_geometry_dag" name="test_cascading_delete_segment" time="0.003" /><testcase classname="mathlab.tests.integration.test_geometry_dag" name="test_cascading_delete_circle" time="0.001" /><testcase classname="mathlab.tests.integration.test_geometry_dag" name="test_cascading_delete_polygon" time="0.001" /><testcase classname="mathlab.tests.integration.test_geometry_dag" name="test_dependency_chain" time="0.000" /><testcase classname="mathlab.tests.integration.test_geometry_dag" name="test_bulk_operations" time="0.001" /><testcase classname="mathlab.tests.integration.test_geometry_dag" name="test_mixed_object_types" time="0.001" /><testcase classname="mathlab.tests.integration.test_octave_numengine" name="test_eig" time="0.002" /><testcase classname="mathlab.tests.integration.test_octave_numengine" name="test_svd" time="0.001" /><testcase classname="mathlab.tests.integration.test_octave_numengine" name="test_fft" time="0.001" /><testcase classname="mathlab.tests.integration.test_octave_numengine" name="test_ifft" time="0.001" /><testcase classname="mathlab.tests.integration.test_octave_numengine" name="test_polyfit" time="0.001" /><testcase classname="mathlab.tests.integration.test_octave_numengine" name="test_inv" time="0.001" /><testcase classname="mathlab.tests.test_architecture_refactor.TestGeometryEngineSignals" name="test_object_added_signal_emitted" time="0.000" /><testcase classname="mathlab.tests.test_architecture_refactor.TestGeometryEngineSignals" name="test_object_updated_signal_emitted" time="0.000" /><testcase classname="mathlab.tests.test_architecture_refactor.TestGeometryEngineSignals" name="test_object_removed_signal_emitted" time="0.000" /><testcase classname="mathlab.tests.test_architecture_refactor.TestGeometryEngineSignals" name="test_geometry_event_signal_emitted" time="0.000" /><testcase classname="mathlab.tests.test_architecture_refactor.TestGeometryEngineSignals" name="test_signals_blocked" time="0.000" /><testcase classname="mathlab.tests.test_architecture_refactor.TestGeometryEngineSignals" name="test_backward_compatible_listener" time="0.000" /><testcase classname="mathlab.tests.test_architecture_refactor.TestGeometryEngineSignals" name="test_remove_listener" time="0.000" /><testcase classname="mathlab.tests.test_architecture_refactor.TestGeometryEngineSignals" name="test_qt_signal_and_listener_both_fire" time="0.000" /><testcase classname="mathlab.tests.test_architecture_refactor.TestConfigManager" name="test_get_default_config" time="0.001" /><testcase classname="mathlab.tests.test_architecture_refactor.TestConfigManager" name="test_get_nested_config" time="0.001" /><testcase classname="mathlab.tests.test_architecture_refactor.TestConfigManager" name="test_get_nonexistent_key_returns_default" time="0.000" /><testcase classname="mathlab.tests.test_architecture_refactor.TestConfigManager" name="test_get_full_config" time="0.000" /><testcase classname="mathlab.tests.test_architecture_refactor.TestConfigManager" name="test_set_config_runtime" time="0.000" /><testcase classname="mathlab.tests.test_architecture_refactor.TestConfigManager" name="test_deep_merge" time="0.000" /><testcase classname="mathlab.tests.test_architecture_refactor.TestAIFacade" name="test_classify_intent[\u753b\u4e00\u4e2a\u5706-simple_tool_call]" time="0.001" /><testcase classname="mathlab.tests.test_architecture_refactor.TestAIFacade" name="test_classify_intent[\u7ed8\u5236\u4e09\u89d2\u5f62-simple_tool_call]" time="0.001" /><testcase classname="mathlab.tests.test_architecture_refactor.TestAIFacade" name="test_classify_intent[\u51fa\u4e00\u9053\u6d4b\u9a8c\u9898-simple_tool_call]" time="0.000" /><testcase classname="mathlab.tests.test_architecture_refactor.TestAIFacade" name="test_classify_intent[\u8bc1\u660e\u4e09\u89d2\u5f62\u5185\u89d2\u548c\u4e3a180\u5ea6-complex_reasoning]" time="0.000" /><testcase classname="mathlab.tests.test_architecture_refactor.TestAIFacade" name="test_classify_intent[\u6c42\u89e3\u65b9\u7a0b x^2 - 4 = 0-complex_reasoning]" time="0.000" /><testcase classname="mathlab.tests.test_architecture_refactor.TestAIFacade" name="test_classify_intent[\u8ba1\u7b97\u79ef\u5206 x^2 dx-complex_reasoning]" time="0.000" /><testcase classname="mathlab.tests.test_architecture_refactor.TestAIFacade" name="test_classify_intent[\u63a8\u5bfc\u52fe\u80a1\u5b9a\u7406-complex_reasoning]" time="0.000" /><testcase classname="mathlab.tests.test_architecture_refactor.TestAIFacade" name="test_classify_intent[\u5316\u7b80\u8868\u8fbe\u5f0f (x+1)^2-complex_reasoning]" time="0.000" /><testcase classname="mathlab.tests.test_architecture_refactor.TestAIFacade" name="test_route_simple_tool_call" time="0.000" /><testcase classname="mathlab.tests.test_architecture_refactor.TestAIFacade" name="test_route_complex_reasoning" time="0.000" /><testcase classname="mathlab.tests.test_architecture_refactor.TestAIFacade" name="test_route_without_registry_calls_error" time="0.001" /><testcase classname="mathlab.tests.test_architecture_refactor.TestVersionConsistency" name="test_version_importable" time="0.001" /><testcase classname="mathlab.tests.test_architecture_refactor.TestVersionConsistency" name="test_version_info_tuple" time="0.000" /><testcase classname="mathlab.tests.test_architecture_refactor.TestVersionConsistency" name="test_version_string_format" time="0.000" /><testcase classname="mathlab.tests.test_architecture_refactor.TestModelsBackwardCompat" name="test_import_from_geometry_engine" time="0.000" /><testcase classname="mathlab.tests.test_architecture_refactor.TestModelsBackwardCompat" name="test_import_from_models" time="0.000" /><testcase classname="mathlab.tests.test_architecture_refactor.TestModelsBackwardCompat" name="test_models_init_all" time="0.001" /><testcase classname="mathlab.tests.test_architecture_refactor.TestModelsBackwardCompat" name="test_point_creation_from_models" time="0.000" /><testcase classname="mathlab.tests.test_architecture_refactor.TestModelsBackwardCompat" name="test_dag_from_models" time="0.000" /><testcase classname="mathlab.tests.test_plugin_p0.TestCalculusToolsPlugin" name="test_plugin_metadata" time="0.004" /><testcase classname="mathlab.tests.test_plugin_p0.TestCalculusToolsPlugin" name="test_plugin_activate" time="0.009" /><testcase classname="mathlab.tests.test_plugin_p0.TestCalculusToolsPlugin" name="test_plugin_deactivate" time="0.004" /><testcase classname="mathlab.tests.test_plugin_p0.TestCalculusToolsPlugin" name="test_compute_derivative" time="0.003" /><testcase classname="mathlab.tests.test_plugin_p0.TestCalculusToolsPlugin" name="test_compute_integral" time="0.003" /><testcase classname="mathlab.tests.test_plugin_p0.TestCalculusToolsPlugin" name="test_compute_limit" time="0.003" /><testcase classname="mathlab.tests.test_plugin_p0.TestCalculusToolsPlugin" name="test_empty_expression_error" time="0.003" /><testcase classname="mathlab.tests.test_plugin_p0.TestCalculusToolsPlugin" name="test_plot_derivative" time="0.004" /><testcase classname="mathlab.tests.test_plugin_p0.TestCalculusToolsPlugin" name="test_plot_clear" time="0.003" /><testcase classname="mathlab.tests.test_plugin_p0.TestCalculusToolsPlugin" name="test_cleanup_on_deactivate" time="0.003" /><testcase classname="mathlab.tests.test_plugin_p0.TestCalculusToolsPlugin" name="test_engine_not_available" time="0.003" /><testcase classname="mathlab.tests.test_plugin_p0.TestAnimationStudioPlugin" name="test_plugin_metadata" time="0.002" /><testcase classname="mathlab.tests.test_plugin_p0.TestAnimationStudioPlugin" name="test_plugin_activate" time="0.004" /><testcase classname="mathlab.tests.test_plugin_p0.TestAnimationStudioPlugin" name="test_plugin_deactivate" time="0.003" /><testcase classname="mathlab.tests.test_plugin_p0.TestAnimationStudioPlugin" name="test_no_points_error" time="0.003" /><testcase classname="mathlab.tests.test_plugin_p0.TestAnimationStudioPlugin" name="test_translate_animation" time="0.003" /><testcase classname="mathlab.tests.test_plugin_p0.TestAnimationStudioPlugin" name="test_rotate_animation" time="0.003" /><testcase classname="mathlab.tests.test_plugin_p0.TestAnimationStudioPlugin" name="test_scale_animation" time="0.004" /><testcase classname="mathlab.tests.test_plugin_p0.TestAnimationStudioPlugin" name="test_stop_restores_originals" time="0.003" /><testcase classname="mathlab.tests.test_plugin_p0.TestAnimationStudioPlugin" name="test_pause_and_resume" time="0.003" /><testcase classname="mathlab.tests.test_plugin_p0.TestAnimationStudioPlugin" name="test_type_change_stops_animation" time="0.004" /><testcase classname="mathlab.tests.test_plugin_p0.TestAnimationStudioPlugin" name="test_cleanup_on_deactivate" time="0.003" /><testcase classname="mathlab.tests.test_plugin_p0.TestAnimationStudioPlugin" name="test_ease_in_out" time="0.002" /><testcase classname="mathlab.tests.test_plugin_p0.TestAnimationStudioPlugin" name="test_param_func_animation" time="0.003" /><testcase classname="mathlab.tests.test_plugin_p0.TestAnimationStudioPlugin" name="test_param_func_empty_expr" time="0.003" /><testcase classname="mathlab.tests.test_plugin_p0.TestI18nCompleteness" name="test_plugin_keys_exist" time="0.001" /><testcase classname="mathlab.tests.test_plugin_p0.TestI18nCompleteness" name="test_calculus_keys_exist" time="0.001" /><testcase classname="mathlab.tests.test_plugin_p0.TestI18nCompleteness" name="test_animation_keys_exist" time="0.001" /><testcase classname="mathlab.tests.test_plugin_p0.TestPluginLoading" name="test_calculus_plugin_importable" time="0.000" /><testcase classname="mathlab.tests.test_plugin_p0.TestPluginLoading" name="test_animation_plugin_importable" time="0.000" /><testcase classname="mathlab.tests.test_plugin_p0.TestPluginLoading" name="test_calculus_plugin_has_init_py" time="0.000" /><testcase classname="mathlab.tests.test_plugin_p0.TestPluginLoading" name="test_animation_plugin_has_init_py" time="0.000" /><testcase classname="mathlab.tests.unit.test_agent_message.TestAgentMessage" name="test_create_basic_message" time="0.001" /><testcase classname="mathlab.tests.unit.test_agent_message.TestAgentMessage" name="test_create_task_request_factory" time="0.000" /><testcase classname="mathlab.tests.unit.test_agent_message.TestAgentMessage" name="test_create_task_result_factory" time="0.000" /><testcase classname="mathlab.tests.unit.test_agent_message.TestAgentMessage" name="test_serialization_roundtrip" time="0.000" /><testcase classname="mathlab.tests.unit.test_agent_message.TestAgentMessage" name="test_broadcast_receiver_id" time="0.000" /><testcase classname="mathlab.tests.unit.test_agent_message.TestAgentMessage" name="test_reply_to_chain" time="0.000" /><testcase classname="mathlab.tests.unit.test_agent_message.TestMessageBus" name="test_publish_point_to_point" time="0.000" /><testcase classname="mathlab.tests.unit.test_agent_message.TestMessageBus" name="test_publish_broadcast" time="0.000" /><testcase classname="mathlab.tests.unit.test_agent_message.TestMessageBus" name="test_publish_no_subscriber" time="0.000" /><testcase classname="mathlab.tests.unit.test_agent_message.TestMessageBus" name="test_subscribe_to_type" time="0.000" /><testcase classname="mathlab.tests.unit.test_agent_message.TestMessageBus" name="test_unsubscribe" time="0.001" /><testcase classname="mathlab.tests.unit.test_agent_message.TestMessageBus" name="test_handler_exception_doesnt_block_others" time="0.000" /><testcase classname="mathlab.tests.unit.test_agent_message.TestMessageBus" name="test_thread_safety" time="0.002" /><testcase classname="mathlab.tests.unit.test_agent_message.TestMessageBus" name="test_get_stats" time="0.000" /><testcase classname="mathlab.tests.unit.test_agent_message.TestMessageHistory" name="test_record_and_query" time="0.000" /><testcase classname="mathlab.tests.unit.test_agent_message.TestMessageHistory" name="test_max_size_enforced" time="0.000" /><testcase classname="mathlab.tests.unit.test_agent_message.TestMessageHistory" name="test_get_conversation" time="0.000" /><testcase classname="mathlab.tests.unit.test_agent_message.TestMessageHistory" name="test_clear" time="0.000" /><testcase classname="mathlab.tests.unit.test_agent_message.TestMessageRouter" name="test_register_and_dispatch_task_request" time="0.000" /><testcase classname="mathlab.tests.unit.test_agent_message.TestMessageRouter" name="test_query_handling" time="0.000" /><testcase classname="mathlab.tests.unit.test_agent_message.TestMessageRouter" name="test_task_error_on_exception" time="0.001" /><testcase classname="mathlab.tests.unit.test_agent_message.TestMessageRouter" name="test_send_task_request_convenience" time="0.001" /><testcase classname="mathlab.tests.unit.test_agent_message.TestMessageRouter" name="test_broadcast_notification" time="0.000" /><testcase classname="mathlab.tests.unit.test_agent_message.TestGlobalSingleton" name="test_get_message_bus_singleton" time="0.000" /><testcase classname="mathlab.tests.unit.test_agent_message.TestGlobalSingleton" name="test_get_message_router_singleton" time="0.000" /><testcase classname="mathlab.tests.unit.test_agent_message.TestGlobalSingleton" name="test_reset_message_bus" time="0.000" /><testcase classname="mathlab.tests.unit.test_ai_manager.TestAIManager" name="test_fit_linear_regression" time="1.175" /><testcase classname="mathlab.tests.unit.test_ai_manager.TestAIManager" name="test_fit_polynomial_regression" time="0.001" /><testcase classname="mathlab.tests.unit.test_ai_manager.TestAIManager" name="test_cluster_kmeans" time="1.416" /><testcase classname="mathlab.tests.unit.test_ai_manager.TestAIManager" name="test_generate_random_points" time="0.001" /><testcase classname="mathlab.tests.unit.test_algo_animator.TestAlgoAnimator" name="test_load_algorithm" time="0.000" /><testcase classname="mathlab.tests.unit.test_algo_animator.TestAlgoAnimator" name="test_step" time="0.001" /><testcase classname="mathlab.tests.unit.test_algo_animator.TestAlgoAnimator" name="test_reset" time="0.001" /><testcase classname="mathlab.tests.unit.test_algo_animator.TestAlgoAnimator" name="test_quick_sort_load_and_step" time="0.001" /><testcase classname="mathlab.tests.unit.test_algo_animator.TestAlgoAnimator" name="test_quick_sort_completes" time="0.001" /><testcase classname="mathlab.tests.unit.test_algo_animator.TestAlgoAnimator" name="test_binary_search_load_and_step" time="0.000" /><testcase classname="mathlab.tests.unit.test_algo_animator.TestAlgoAnimator" name="test_binary_search_finds_target" time="0.001" /><testcase classname="mathlab.tests.unit.test_algo_animator.TestAlgoAnimator" name="test_bfs_load_and_step" time="0.002" /><testcase classname="mathlab.tests.unit.test_algo_animator.TestAlgoAnimator" name="test_bfs_visits_all_nodes" time="0.001" /><testcase classname="mathlab.tests.unit.test_algo_animator.TestAlgoAnimator" name="test_dfs_load_and_step" time="0.001" /><testcase classname="mathlab.tests.unit.test_algo_animator.TestAlgoAnimator" name="test_dfs_visits_all_nodes" time="0.001" /><testcase classname="mathlab.tests.unit.test_algo_animator.TestAlgoAnimator" name="test_dijkstra_load_and_step" time="0.001" /><testcase classname="mathlab.tests.unit.test_algo_animator.TestAlgoAnimator" name="test_dijkstra_distances" time="0.001" /><testcase classname="mathlab.tests.unit.test_algo_animator.TestAlgoAnimator" name="test_convex_hull_load_and_step" time="0.000" /><testcase classname="mathlab.tests.unit.test_algo_animator.TestAlgoAnimator" name="test_convex_hull_completes" time="0.000" /><testcase classname="mathlab.tests.unit.test_algo_animator.TestAlgoAnimator" name="test_kmeans_load_and_step" time="0.000" /><testcase classname="mathlab.tests.unit.test_algo_animator.TestAlgoAnimator" name="test_kmeans_completes" time="0.000" /><testcase classname="mathlab.tests.unit.test_algo_animator.TestAlgoAnimator" name="test_kmeans_too_few_points" time="0.000" /><testcase classname="mathlab.tests.unit.test_algo_animator.TestAlgoAnimator" name="test_description_is_translated_string" time="0.001" /><testcase classname="mathlab.tests.unit.test_algo_animator.TestAlgoAnimator" name="test_descriptions_switch_with_language" time="0.001" /><testcase classname="mathlab.tests.unit.test_cas_provider.TestCASProvider" name="test_parse_expression" time="0.038" /><testcase classname="mathlab.tests.unit.test_cas_provider.TestCASProvider" name="test_simplify" time="0.099" /><testcase classname="mathlab.tests.unit.test_cas_provider.TestCASProvider" name="test_solve_equation" time="0.006" /><testcase classname="mathlab.tests.unit.test_cas_provider.TestCASProvider" name="test_differentiate" time="0.002" /><testcase classname="mathlab.tests.unit.test_cas_provider.TestCASProvider" name="test_integrate" time="0.019" /><testcase classname="mathlab.tests.unit.test_cas_provider.TestCASProvider" name="test_limit" time="0.002" /><testcase classname="mathlab.tests.unit.test_dag.TestDAG" name="test_add_edge" time="0.000" /><testcase classname="mathlab.tests.unit.test_dag.TestDAG" name="test_remove_node" time="0.000" /><testcase classname="mathlab.tests.unit.test_dag.TestDAG" name="test_get_dependencies" time="0.000" /><testcase classname="mathlab.tests.unit.test_dag.TestDAG" name="test_get_dependents" time="0.000" /><testcase classname="mathlab.tests.unit.test_file_manager.TestFileManager" name="test_create_project" time="0.014" /><testcase classname="mathlab.tests.unit.test_file_manager.TestFileManager" name="test_open_project" time="0.014" /><testcase classname="mathlab.tests.unit.test_file_manager.TestFileManager" name="test_search_projects" time="0.020" /><testcase classname="mathlab.tests.unit.test_file_manager.TestFileManager" name="test_get_recent_projects" time="0.020" /><testcase classname="mathlab.tests.unit.test_file_manager.TestSearchFilter" name="test_matches_query" time="0.000" /><testcase classname="mathlab.tests.unit.test_file_manager.TestSearchFilter" name="test_matches_category" time="0.000" /><testcase classname="mathlab.tests.unit.test_file_manager.TestSearchFilter" name="test_matches_object_types" time="0.000" /><testcase classname="mathlab.tests.unit.test_fixes.TestCASProviderFix" name="test_sympy_modules_isolated" time="0.000" /><testcase classname="mathlab.tests.unit.test_fixes.TestCASProviderFix" name="test_get_sympy_func_returns_correct_object" time="0.000" /><testcase classname="mathlab.tests.unit.test_fixes.TestCASProviderFix" name="test_get_sympy_func_raises_for_unknown" time="0.000" /><testcase classname="mathlab.tests.unit.test_fixes.TestCASProviderFix" name="test_cas_provider_simplify" time="0.003" /><testcase classname="mathlab.tests.unit.test_fixes.TestCASProviderFix" name="test_cas_provider_solve_equation" time="0.002" /><testcase classname="mathlab.tests.unit.test_fixes.TestCASProviderFix" name="test_cas_provider_differentiate" time="0.001" /><testcase classname="mathlab.tests.unit.test_fixes.TestCASProviderFix" name="test_cas_provider_integrate" time="0.001" /><testcase classname="mathlab.tests.unit.test_fixes.TestAIFitWorkerFix" name="test_signals_not_overwritten" time="0.001" /><testcase classname="mathlab.tests.unit.test_fixes.TestAIFitWorkerFix" name="test_cluster_worker_signals_not_overwritten" time="0.000" /><testcase classname="mathlab.tests.unit.test_fixes.TestAIFitWorkerFix" name="test_recognize_worker_signals_not_overwritten" time="0.000" /><testcase classname="mathlab.tests.unit.test_fixes.TestAIFitWorkerFix" name="test_generate_points_worker_signals_not_overwritten" time="0.000" /><testcase classname="mathlab.tests.unit.test_fixes.TestJupyterSandboxFix" name="test_logger_imported" time="0.000" /><testcase classname="mathlab.tests.unit.test_fixes.TestJupyterSandboxFix" name="test_no_bare_print_in_source" time="0.001" /><testcase classname="mathlab.tests.unit.test_fixes.TestCodeSecurityScannerFix" name="test_subclasses_blocked" time="0.000" /><testcase classname="mathlab.tests.unit.test_fixes.TestCodeSecurityScannerFix" name="test_mro_blocked" time="0.000" /><testcase classname="mathlab.tests.unit.test_fixes.TestCodeSecurityScannerFix" name="test_globals_blocked" time="0.000" /><testcase classname="mathlab.tests.unit.test_fixes.TestCodeSecurityScannerFix" name="test_builtins_blocked" time="0.001" /><testcase classname="mathlab.tests.unit.test_fixes.TestCodeSecurityScannerFix" name="test_type_call_blocked" time="0.000" /><testcase classname="mathlab.tests.unit.test_fixes.TestCodeSecurityScannerFix" name="test_safe_code_passes" time="0.001" /><testcase classname="mathlab.tests.unit.test_fixes.TestCodeSecurityScannerFix" name="test_import_os_blocked" time="0.001" /><testcase classname="mathlab.tests.unit.test_fixes.TestCodeSecurityScannerFix" name="test_eval_blocked" time="0.000" /><testcase classname="mathlab.tests.unit.test_fixes.TestSandboxProcessFix" name="test_run_code_uses_watchdog_thread" time="0.001" /><testcase classname="mathlab.tests.unit.test_fixes.TestSandboxProcessFix" name="test_no_duplicate_timeout_check" time="0.001" /><testcase classname="mathlab.tests.unit.test_fixes.TestAIManagerPathFix" name="test_reload_config_has_fallback" time="0.001" /><testcase classname="mathlab.tests.unit.test_fixes.TestAIManagerPathFix" name="test_reload_config_handles_missing_file" time="0.004" /><testcase classname="mathlab.tests.unit.test_fixes.TestChatMemoryManagerFix" name="test_system_message_preserved" time="0.000" /><testcase classname="mathlab.tests.unit.test_fixes.TestChatMemoryManagerFix" name="test_tool_message_priority" time="0.000" /><testcase classname="mathlab.tests.unit.test_fixes.TestChatMemoryManagerFix" name="test_max_turns_respected" time="0.000" /><testcase classname="mathlab.tests.unit.test_fixes.TestChatMemoryManagerFix" name="test_empty_content_ignored" time="0.000" /><testcase classname="mathlab.tests.unit.test_fixes.TestChatMemoryManagerFix" name="test_clear" time="0.000" /><testcase classname="mathlab.tests.unit.test_fixes.TestAgentRegistryTimeoutFix" name="test_execution_timeout_attribute_exists" time="0.001" /><testcase classname="mathlab.tests.unit.test_fixes.TestAgentRegistryTimeoutFix" name="test_timeout_thread_used" time="0.001" /><testcase classname="mathlab.tests.unit.test_fixes.TestAgentRegistryTimeoutFix" name="test_route_and_execute_no_agents" time="0.000" /><testcase classname="mathlab.tests.unit.test_fixes.TestAIFacadeFix" name="test_warning_when_registry_none" time="0.001" /><testcase classname="mathlab.tests.unit.test_fixes.TestAIFacadeFix" name="test_no_warning_when_registry_provided" time="0.001" /><testcase classname="mathlab.tests.unit.test_fixes.TestAIFacadeFix" name="test_classify_intent_simple_tool" time="0.000" /><testcase classname="mathlab.tests.unit.test_fixes.TestAIFacadeFix" name="test_classify_intent_complex_reasoning" time="0.000" /><testcase classname="mathlab.tests.unit.test_fixes.TestIntegrationFixes" name="test_security_scanner_with_safe_code" time="0.000" /><testcase classname="mathlab.tests.unit.test_fixes.TestIntegrationFixes" name="test_memory_manager_with_system_and_tool" time="0.000" /><testcase classname="mathlab.tests.unit.test_fixes.TestIntegrationFixes" name="test_cas_provider_full_workflow" time="0.005" /><testcase classname="mathlab.tests.unit.test_geometry_engine.TestGeometryEngine" name="test_add_point" time="0.001" /><testcase classname="mathlab.tests.unit.test_geometry_engine.TestGeometryEngine" name="test_add_segment" time="0.000" /><testcase classname="mathlab.tests.unit.test_geometry_engine.TestGeometryEngine" name="test_add_circle" time="0.000" /><testcase classname="mathlab.tests.unit.test_geometry_engine.TestGeometryEngine" name="test_add_polygon" time="0.000" /><testcase classname="mathlab.tests.unit.test_geometry_engine.TestGeometryEngine" name="test_remove_object" time="0.000" /><testcase classname="mathlab.tests.unit.test_geometry_engine.TestGeometryEngine" name="test_update_point" time="0.001" /><testcase classname="mathlab.tests.unit.test_geometry_engine.TestGeometryEngine" name="test_get_objects_by_type" time="0.000" /><testcase classname="mathlab.tests.unit.test_geometry_engine.TestGeometryEngine" name="test_serialize_deserialize" time="0.001" /><testcase classname="mathlab.tests.unit.test_geometry_engine.TestGeometricObject" name="test_point_creation" time="0.000" /><testcase classname="mathlab.tests.unit.test_geometry_engine.TestGeometricObject" name="test_segment_creation" time="0.000" /><testcase classname="mathlab.tests.unit.test_geometry_engine.TestGeometricObject" name="test_circle_creation" time="0.000" /><testcase classname="mathlab.tests.unit.test_geometry_engine.TestGeometricObject" name="test_polygon_creation" time="0.000" /><testcase classname="mathlab.tests.unit.test_geometry_engine.TestGeometricObject" name="test_serialize" time="0.000" /><testcase classname="mathlab.tests.unit.test_geometry_engine.TestGeometricObject" name="test_deserialize" time="0.000" /><testcase classname="mathlab.tests.unit.test_geometry_engine.TestConicSections" name="test_ellipse_created" time="0.001" /><testcase classname="mathlab.tests.unit.test_geometry_engine.TestConicSections" name="test_ellipse_latex" time="0.001" /><testcase classname="mathlab.tests.unit.test_geometry_engine.TestConicSections" name="test_hyperbola_created" time="0.000" /><testcase classname="mathlab.tests.unit.test_geometry_engine.TestConicSections" name="test_parabola_created" time="0.000" /><testcase classname="mathlab.tests.unit.test_geometry_engine.TestConicSections" name="test_conic_section_circle" time="0.004" /><testcase classname="mathlab.tests.unit.test_geometry_engine.TestFunctionPlots" name="test_explicit_function" time="0.007" /><testcase classname="mathlab.tests.unit.test_geometry_engine.TestFunctionPlots" name="test_sine_function" time="0.002" /><testcase classname="mathlab.tests.unit.test_geometry_engine.TestFunctionPlots" name="test_implicit_plot" time="0.008" /><testcase classname="mathlab.tests.unit.test_geometry_engine.TestFunctionPlots" name="test_polar_plot" time="0.002" /><testcase classname="mathlab.tests.unit.test_geometry_engine.TestLocus" name="test_locus_creation" time="0.000" /><testcase classname="mathlab.tests.unit.test_geometry_engine.TestLocus" name="test_locus_trail" time="0.002" /><testcase classname="mathlab.tests.unit.test_geometry_engine.TestSerialization" name="test_roundtrip" time="0.001" /><testcase classname="mathlab.tests.unit.test_helpers.TestHelpers" name="test_lerp_exact_middle" time="0.001" /><testcase classname="mathlab.tests.unit.test_helpers.TestHelpers" name="test_lerp_quarter" time="0.000" /><testcase classname="mathlab.tests.unit.test_helpers.TestHelpers" name="test_lerp_at_start" time="0.000" /><testcase classname="mathlab.tests.unit.test_helpers.TestHelpers" name="test_lerp_at_end" time="0.000" /><testcase classname="mathlab.tests.unit.test_helpers.TestHelpers" name="test_clamp_within_range" time="0.000" /><testcase classname="mathlab.tests.unit.test_helpers.TestHelpers" name="test_clamp_above_range" time="0.000" /><testcase classname="mathlab.tests.unit.test_helpers.TestHelpers" name="test_clamp_below_range" time="0.000" /><testcase classname="mathlab.tests.unit.test_helpers.TestHelpers" name="test_distance_horizontal" time="0.000" /><testcase classname="mathlab.tests.unit.test_helpers.TestHelpers" name="test_distance_vertical" time="0.000" /><testcase classname="mathlab.tests.unit.test_helpers.TestHelpers" name="test_distance_diagonal" time="0.000" /><testcase classname="mathlab.tests.unit.test_helpers.TestHelpers" name="test_midpoint_origin_to_one" time="0.000" /><testcase classname="mathlab.tests.unit.test_helpers.TestHelpers" name="test_midpoint_negative" time="0.000" /><testcase classname="mathlab.tests.unit.test_helpers.TestHelpers" name="test_parse_coordinates_simple" time="0.000" /><testcase classname="mathlab.tests.unit.test_helpers.TestHelpers" name="test_parse_coordinates_float" time="0.000" /><testcase classname="mathlab.tests.unit.test_helpers.TestHelpers" name="test_parse_coordinates_no_parens" time="0.000" /><testcase classname="mathlab.tests.unit.test_helpers.TestHelpers" name="test_generate_id_prefix" time="0.000" /><testcase classname="mathlab.tests.unit.test_helpers.TestHelpers" name="test_generate_id_unique" time="0.000" /><testcase classname="mathlab.tests.unit.test_helpers.TestHelpers" name="test_format_number_default_decimals" time="0.000" /><testcase classname="mathlab.tests.unit.test_helpers.TestHelpers" name="test_format_number_custom_decimals" time="0.000" /><testcase classname="mathlab.tests.unit.test_latex_renderer.TestLatexRenderer" name="test_export_empty_canvas" time="0.000" /><testcase classname="mathlab.tests.unit.test_latex_renderer.TestLatexRenderer" name="test_export_point" time="0.001" /><testcase classname="mathlab.tests.unit.test_latex_renderer.TestLatexRenderer" name="test_export_segment" time="0.000" /><testcase classname="mathlab.tests.unit.test_latex_renderer.TestLatexRenderer" name="test_export_circle" time="0.000" /><testcase classname="mathlab.tests.unit.test_latex_renderer.TestLatexRenderer" name="test_export_polygon" time="0.000" /><testcase classname="mathlab.tests.unit.test_latex_renderer.TestLatexRenderer" name="test_export_canvas_to_latex" time="0.000" /><testcase classname="mathlab.tests.unit.test_latex_renderer.TestLatexRenderer" name="test_format_point" time="0.000" /><testcase classname="mathlab.tests.unit.test_latex_renderer.TestLatexRenderer" name="test_format_segment" time="0.000" /><testcase classname="mathlab.tests.unit.test_latex_renderer.TestLatexRenderer" name="test_format_circle" time="0.000" /><testcase classname="mathlab.tests.unit.test_latex_renderer.TestLatexRenderer" name="test_format_polygon" time="0.000" /><testcase classname="mathlab.tests.unit.test_num_engine.TestEigenvalues" name="test_diagonal_matrix" time="0.001" /><testcase classname="mathlab.tests.unit.test_num_engine.TestEigenvalues" name="test_eigenvectors_shape" time="0.000" /><testcase classname="mathlab.tests.unit.test_num_engine.TestEigenvalues" name="test_non_square_raises" time="0.000" /><testcase classname="mathlab.tests.unit.test_num_engine.TestEigenvalues" name="test_identity_eigenvalues" time="0.000" /><testcase classname="mathlab.tests.unit.test_num_engine.TestSVD" name="test_singular_values_non_negative" time="0.000" /><testcase classname="mathlab.tests.unit.test_num_engine.TestSVD" name="test_svd_reconstruction" time="0.001" /><testcase classname="mathlab.tests.unit.test_num_engine.TestSVD" name="test_svd_shapes" time="0.000" /><testcase classname="mathlab.tests.unit.test_num_engine.TestLUDecomposition" name="test_lu_reconstruction" time="0.000" /><testcase classname="mathlab.tests.unit.test_num_engine.TestLUDecomposition" name="test_l_lower_triangular" time="0.000" /><testcase classname="mathlab.tests.unit.test_num_engine.TestLUDecomposition" name="test_u_upper_triangular" time="0.000" /><testcase classname="mathlab.tests.unit.test_num_engine.TestCholesky" name="test_cholesky_reconstruction" time="0.000" /><testcase classname="mathlab.tests.unit.test_num_engine.TestCholesky" name="test_cholesky_non_positive_definite_raises" time="0.000" /><testcase classname="mathlab.tests.unit.test_num_engine.TestSolveLinearSystem" name="test_simple_2x2" time="0.001" /><testcase classname="mathlab.tests.unit.test_num_engine.TestSolveLinearSystem" name="test_residual_near_zero" time="0.001" /><testcase classname="mathlab.tests.unit.test_num_engine.TestRankAndCondition" name="test_full_rank_matrix" time="0.000" /><testcase classname="mathlab.tests.unit.test_num_engine.TestRankAndCondition" name="test_rank_deficient_matrix" time="0.001" /><testcase classname="mathlab.tests.unit.test_num_engine.TestRankAndCondition" name="test_identity_condition_number" time="0.000" /><testcase classname="mathlab.tests.unit.test_num_engine.TestNumericalDerivative" name="test_polynomial_first_order" time="0.000" /><testcase classname="mathlab.tests.unit.test_num_engine.TestNumericalDerivative" name="test_polynomial_second_order" time="0.000" /><testcase classname="mathlab.tests.unit.test_num_engine.TestNumericalDerivative" name="test_trig_derivative" time="0.000" /><testcase classname="mathlab.tests.unit.test_num_engine.TestNumericalDerivative" name="test_invalid_order_raises" time="0.000" /><testcase classname="mathlab.tests.unit.test_num_engine.TestNumericalIntegral" name="test_linear_function" time="0.000" /><testcase classname="mathlab.tests.unit.test_num_engine.TestNumericalIntegral" name="test_constant_function" time="0.000" /><testcase classname="mathlab.tests.unit.test_num_engine.TestNumericalIntegral" name="test_trig_function" time="0.000" /><testcase classname="mathlab.tests.unit.test_num_engine.TestNumericalIntegral" name="test_error_estimate_present" time="0.000" /><testcase classname="mathlab.tests.unit.test_num_engine.TestNumericalIntegral" name="test_improper_integral" time="0.000" /><testcase classname="mathlab.tests.unit.test_num_engine.TestNumericalDoubleIntegral" name="test_unit_square_area" time="0.001" /><testcase classname="mathlab.tests.unit.test_num_engine.TestNumericalDoubleIntegral" name="test_bilinear_function" time="0.001" /><testcase classname="mathlab.tests.unit.test_num_engine.TestMinimize" name="test_parabola_minimum" time="0.001" /><testcase classname="mathlab.tests.unit.test_num_engine.TestMinimize" name="test_rosenbrock" time="0.003" /><testcase classname="mathlab.tests.unit.test_num_engine.TestMinimize" name="test_returns_required_keys" time="0.002" /><testcase classname="mathlab.tests.unit.test_num_engine.TestRootFinding" name="test_quadratic_root" time="0.001" /><testcase classname="mathlab.tests.unit.test_num_engine.TestRootFinding" name="test_trig_root" time="0.000" /><testcase classname="mathlab.tests.unit.test_num_engine.TestRootFinding" name="test_invalid_bracket_raises" time="0.000" /><testcase classname="mathlab.tests.unit.test_num_engine.TestMinimizeScalar" name="test_bounded_minimum" time="0.000" /><testcase classname="mathlab.tests.unit.test_num_engine.TestMinimizeScalar" name="test_unbounded_minimum" time="0.000" /><testcase classname="mathlab.tests.unit.test_num_engine.TestFFT" name="test_fft_returns_keys" time="0.000" /><testcase classname="mathlab.tests.unit.test_num_engine.TestFFT" name="test_fft_ifft_roundtrip" time="0.001" /><testcase classname="mathlab.tests.unit.test_num_engine.TestFFT" name="test_pure_sine_dominant_frequency" time="0.000" /><testcase classname="mathlab.tests.unit.test_num_engine.TestConvolve" name="test_identity_kernel" time="0.000" /><testcase classname="mathlab.tests.unit.test_num_engine.TestConvolve" name="test_convolution_length_full" time="0.000" /><testcase classname="mathlab.tests.unit.test_num_engine.TestFindPeaks" name="test_detects_peaks" time="0.001" /><testcase classname="mathlab.tests.unit.test_num_engine.TestFindPeaks" name="test_height_threshold" time="0.000" /><testcase classname="mathlab.tests.unit.test_num_engine.TestLinearRegression" name="test_perfect_linear" time="0.001" /><testcase classname="mathlab.tests.unit.test_num_engine.TestLinearRegression" name="test_returns_all_keys" time="0.001" /><testcase classname="mathlab.tests.unit.test_num_engine.TestPolynomialFit" name="test_quadratic_fit" time="0.001" /><testcase classname="mathlab.tests.unit.test_num_engine.TestPolynomialFit" name="test_returns_rank" time="0.000" /><testcase classname="mathlab.tests.unit.test_num_engine.TestDescriptiveStats" name="test_known_values" time="0.001" /><testcase classname="mathlab.tests.unit.test_num_engine.TestDescriptiveStats" name="test_returns_all_keys" time="0.002" /><testcase classname="mathlab.tests.unit.test_num_engine.TestDescriptiveStats" name="test_min_max" time="0.001" /><testcase classname="mathlab.tests.unit.test_num_engine_backend.TestBackendSelection" name="test_disabled_by_default" time="0.000" /><testcase classname="mathlab.tests.unit.test_num_engine_backend.TestBackendSelection" name="test_enabled_by_argument" time="0.001" /><testcase classname="mathlab.tests.unit.test_num_engine_backend.TestBackendSelection" name="test_enabled_by_env" time="0.000" /><testcase classname="mathlab.tests.unit.test_num_engine_backend.TestBackendSelection" name="test_env_value_false_keeps_disabled" time="0.000" /><testcase classname="mathlab.tests.unit.test_num_engine_backend.TestBackendSelection" name="test_engine_unavailable_falls_back" time="0.001" /><testcase classname="mathlab.tests.unit.test_num_engine_backend.TestCSharpRouting" name="test_eigenvalues_routed_to_csharp" time="0.000" /><testcase classname="mathlab.tests.unit.test_num_engine_backend.TestCSharpRouting" name="test_cholesky_routed_to_csharp" time="0.001" /><testcase classname="mathlab.tests.unit.test_num_engine_backend.TestCSharpRouting" name="test_solve_routed_to_csharp" time="0.000" /><testcase classname="mathlab.tests.unit.test_num_engine_backend.TestCSharpRouting" name="test_complex_matrix_not_routed" time="0.000" /><testcase classname="mathlab.tests.unit.test_num_engine_backend.TestCSharpRouting" name="test_matrix_rhs_not_routed" time="0.001" /><testcase classname="mathlab.tests.unit.test_num_engine_backend.TestFallback" name="test_eigenvalues_fallback" time="0.000" /><testcase classname="mathlab.tests.unit.test_num_engine_backend.TestFallback" name="test_cholesky_fallback" time="0.000" /><testcase classname="mathlab.tests.unit.test_num_engine_backend.TestFallback" name="test_solve_fallback" time="0.001" /><testcase classname="mathlab.tests.unit.test_num_engine_backend.TestFallback" name="test_error_semantics_preserved" time="0.001" /><testcase classname="mathlab.tests.unit.test_num_engine_backend.TestFallback" name="test_only_probes_engine_once" time="0.000" /><testcase classname="mathlab.tests.unit.test_octave_bridge.TestMatrixLiterals" name="test_1d_row_vector_spaces" time="0.001" /><testcase classname="mathlab.tests.unit.test_octave_bridge.TestMatrixLiterals" name="test_1d_row_vector_commas" time="0.001" /><testcase classname="mathlab.tests.unit.test_octave_bridge.TestMatrixLiterals" name="test_2d_matrix" time="0.000" /><testcase classname="mathlab.tests.unit.test_octave_bridge.TestMatrixLiterals" name="test_2d_matrix_with_commas" time="0.000" /><testcase classname="mathlab.tests.unit.test_octave_bridge.TestMatrixLiterals" name="test_column_vector" time="0.000" /><testcase classname="mathlab.tests.unit.test_octave_bridge.TestMatrixLiterals" name="test_empty_matrix" time="0.000" /><testcase classname="mathlab.tests.unit.test_octave_bridge.TestMatrixLiterals" name="test_evaluate_matrix" time="0.001" /><testcase classname="mathlab.tests.unit.test_octave_bridge.TestMatrixLiterals" name="test_evaluate_row_vector" time="0.001" /><testcase classname="mathlab.tests.unit.test_octave_bridge.TestOperatorTranslation" name="test_matrix_multiply_translated" time="0.000" /><testcase classname="mathlab.tests.unit.test_octave_bridge.TestOperatorTranslation" name="test_elementwise_mul_preserved" time="0.000" /><testcase classname="mathlab.tests.unit.test_octave_bridge.TestOperatorTranslation" name="test_elementwise_div" time="0.000" /><testcase classname="mathlab.tests.unit.test_octave_bridge.TestOperatorTranslation" name="test_elementwise_pow" time="0.000" /><testcase classname="mathlab.tests.unit.test_octave_bridge.TestOperatorTranslation" name="test_matrix_pow" time="0.000" /><testcase classname="mathlab.tests.unit.test_octave_bridge.TestOperatorTranslation" name="test_transpose" time="0.001" /><testcase classname="mathlab.tests.unit.test_octave_bridge.TestOperatorTranslation" name="test_not_equal" time="0.000" /><testcase classname="mathlab.tests.unit.test_octave_bridge.TestOperatorTranslation" name="test_comment" time="0.000" /><testcase classname="mathlab.tests.unit.test_octave_bridge.TestMatrixOperations" name="test_matrix_multiplication" time="0.001" /><testcase classname="mathlab.tests.unit.test_octave_bridge.TestMatrixOperations" name="test_elementwise_multiplication" time="0.001" /><testcase classname="mathlab.tests.unit.test_octave_bridge.TestMatrixOperations" name="test_transpose" time="0.001" /><testcase classname="mathlab.tests.unit.test_octave_bridge.TestMatrixOperations" name="test_scalar_operations" time="0.001" /><testcase classname="mathlab.tests.unit.test_octave_bridge.TestMatrixOperations" name="test_elementwise_power" time="0.001" /><testcase classname="mathlab.tests.unit.test_octave_bridge.TestMatrixOperations" name="test_addition" time="0.001" /><testcase classname="mathlab.tests.unit.test_octave_bridge.TestStatefulEnvironment" name="test_variable_persists_across_calls" time="0.001" /><testcase classname="mathlab.tests.unit.test_octave_bridge.TestStatefulEnvironment" name="test_multiple_assignments" time="0.001" /><testcase classname="mathlab.tests.unit.test_octave_bridge.TestStatefulEnvironment" name="test_assignment_returns_value" time="0.001" /><testcase classname="mathlab.tests.unit.test_octave_bridge.TestStatefulEnvironment" name="test_workspace" time="0.001" /><testcase classname="mathlab.tests.unit.test_octave_bridge.TestStatefulEnvironment" name="test_reset_clears_user_vars" time="0.001" /><testcase classname="mathlab.tests.unit.test_octave_bridge.TestBuiltinFunctions" name="test_zeros" time="0.001" /><testcase classname="mathlab.tests.unit.test_octave_bridge.TestBuiltinFunctions" name="test_ones" time="0.001" /><testcase classname="mathlab.tests.unit.test_octave_bridge.TestBuiltinFunctions" name="test_eye" time="0.001" /><testcase classname="mathlab.tests.unit.test_octave_bridge.TestBuiltinFunctions" name="test_linspace" time="0.001" /><testcase classname="mathlab.tests.unit.test_octave_bridge.TestBuiltinFunctions" name="test_sum" time="0.001" /><testcase classname="mathlab.tests.unit.test_octave_bridge.TestBuiltinFunctions" name="test_max" time="0.001" /><testcase classname="mathlab.tests.unit.test_octave_bridge.TestBuiltinFunctions" name="test_min" time="0.001" /><testcase classname="mathlab.tests.unit.test_octave_bridge.TestBuiltinFunctions" name="test_abs" time="0.000" /><testcase classname="mathlab.tests.unit.test_octave_bridge.TestBuiltinFunctions" name="test_sqrt" time="0.001" /><testcase classname="mathlab.tests.unit.test_octave_bridge.TestBuiltinFunctions" name="test_sin_cos" time="0.001" /><testcase classname="mathlab.tests.unit.test_octave_bridge.TestBuiltinFunctions" name="test_pi_constant" time="0.001" /><testcase classname="mathlab.tests.unit.test_octave_bridge.TestBuiltinFunctions" name="test_mean" time="0.001" /><testcase classname="mathlab.tests.unit.test_octave_bridge.TestErrorHandling" name="test_invalid_code_raises" time="0.001" /><testcase classname="mathlab.tests.unit.test_octave_bridge.TestErrorHandling" name="test_undefined_variable_raises" time="0.001" /><testcase classname="mathlab.tests.unit.test_pedagogical_engine.TestPedagogicalConstraint" name="test_socratic_constraint_detects_direct_answer" time="0.001" /><testcase classname="mathlab.tests.unit.test_pedagogical_engine.TestPedagogicalConstraint" name="test_socratic_constraint_passes_guided_content" time="0.001" /><testcase classname="mathlab.tests.unit.test_pedagogical_engine.TestPedagogicalConstraint" name="test_scaffolding_constraint_detects_obvious" time="0.000" /><testcase classname="mathlab.tests.unit.test_pedagogical_engine.TestPedagogicalConstraint" name="test_constraint_without_pattern_always_passes" time="0.000" /><testcase classname="mathlab.tests.unit.test_pedagogical_engine.TestPedagogicalPromptBuilder" name="test_build_decomposition_constraint_contains_bloom" time="0.000" /><testcase classname="mathlab.tests.unit.test_pedagogical_engine.TestPedagogicalPromptBuilder" name="test_build_decomposition_constraint_contains_socratic" time="0.000" /><testcase classname="mathlab.tests.unit.test_pedagogical_engine.TestPedagogicalPromptBuilder" name="test_build_decomposition_constraint_contains_scaffolding" time="0.000" /><testcase classname="mathlab.tests.unit.test_pedagogical_engine.TestPedagogicalPromptBuilder" name="test_build_decomposition_constraint_with_student_model" time="0.000" /><testcase classname="mathlab.tests.unit.test_pedagogical_engine.TestPedagogicalPromptBuilder" name="test_build_step_execution_constraint_contains_cognitive_level" time="0.000" /><testcase classname="mathlab.tests.unit.test_pedagogical_engine.TestPedagogicalPromptBuilder" name="test_build_step_execution_constraint_for_apply_level" time="0.000" /><testcase classname="mathlab.tests.unit.test_pedagogical_engine.TestPedagogicalPromptBuilder" name="test_build_step_execution_constraint_for_create_level" time="0.000" /><testcase classname="mathlab.tests.unit.test_pedagogical_engine.TestPedagogicalPromptBuilder" name="test_build_code_generation_constraint_has_quality_rules" time="0.000" /><testcase classname="mathlab.tests.unit.test_pedagogical_engine.TestPedagogicalPromptBuilder" name="test_build_code_generation_constraint_with_weak_knowledge" time="0.000" /><testcase classname="mathlab.tests.unit.test_pedagogical_engine.TestPedagogicalPromptBuilder" name="test_bloom_guidelines_all_levels_present" time="0.000" /><testcase classname="mathlab.tests.unit.test_pedagogical_engine.TestPedagogicalPromptBuilder" name="test_udl_principles_all_present" time="0.000" /><testcase classname="mathlab.tests.unit.test_pedagogical_engine.TestTeachingQualityEvaluator" name="test_evaluate_high_quality_content" time="0.002" /><testcase classname="mathlab.tests.unit.test_pedagogical_engine.TestTeachingQualityEvaluator" name="test_evaluate_low_quality_content" time="0.000" /><testcase classname="mathlab.tests.unit.test_pedagogical_engine.TestTeachingQualityEvaluator" name="test_evaluate_empty_content" time="0.000" /><testcase classname="mathlab.tests.unit.test_pedagogical_engine.TestTeachingQualityEvaluator" name="test_evaluate_content_missing_explanation" time="0.000" /><testcase classname="mathlab.tests.unit.test_pedagogical_engine.TestTeachingQualityEvaluator" name="test_evaluate_content_missing_steps" time="0.000" /><testcase classname="mathlab.tests.unit.test_pedagogical_engine.TestTeachingQualityEvaluator" name="test_evaluate_direct_answer_violation" time="0.000" /><testcase classname="mathlab.tests.unit.test_pedagogical_engine.TestTeachingQualityEvaluator" name="test_evaluate_missing_question_ending" time="0.000" /><testcase classname="mathlab.tests.unit.test_pedagogical_engine.TestTeachingQualityEvaluator" name="test_evaluate_single_representation_violation" time="0.000" /><testcase classname="mathlab.tests.unit.test_pedagogical_engine.TestTeachingQualityEvaluator" name="test_evaluate_coherence_with_good_plan" time="0.000" /><testcase classname="mathlab.tests.unit.test_pedagogical_engine.TestTeachingQualityEvaluator" name="test_evaluate_coherence_with_bad_plan" time="0.001" /><testcase classname="mathlab.tests.unit.test_pedagogical_engine.TestTeachingQualityEvaluator" name="test_evaluate_coherence_excessive_level_span" time="0.000" /><testcase classname="mathlab.tests.unit.test_pedagogical_engine.TestTeachingQualityEvaluator" name="test_get_overall_score_weighted" time="0.000" /><testcase classname="mathlab.tests.unit.test_pedagogical_engine.TestTeachingQualityEvaluator" name="test_build_improvement_feedback_for_failed" time="0.000" /><testcase classname="mathlab.tests.unit.test_pedagogical_engine.TestTeachingQualityEvaluator" name="test_build_improvement_feedback_all_passed" time="0.000" /><testcase classname="mathlab.tests.unit.test_pedagogical_engine.TestTeachingQualityEvaluator" name="test_quality_report_to_dict" time="0.000" /><testcase classname="mathlab.tests.unit.test_pedagogical_engine.TestTeachingQualityEvaluator" name="test_evaluate_missing_connectives" time="0.000" /><testcase classname="mathlab.tests.unit.test_pedagogical_engine.TestTeachingQualityEvaluator" name="test_evaluate_with_multiple_representations" time="0.000" /><testcase classname="mathlab.tests.unit.test_python_repl.TestPythonREPL" name="test_execute_simple" time="0.116" /><testcase classname="mathlab.tests.unit.test_python_repl.TestPythonREPL" name="test_execute_with_output" time="0.060" /><testcase classname="mathlab.tests.unit.test_python_repl.TestPythonREPL" name="test_history" time="0.166" /><testcase classname="mathlab.tests.unit.test_python_repl.TestPythonREPL" name="test_sandbox_isolation" time="0.167" /><testcase classname="mathlab.tests.unit.test_python_repl.TestSessionModePersistence" name="test_variable_persists" time="0.060" /><testcase classname="mathlab.tests.unit.test_python_repl.TestSessionModePersistence" name="test_function_persists" time="0.058" /><testcase classname="mathlab.tests.unit.test_python_repl.TestSessionModePersistence" name="test_complex_math" time="0.073" /><testcase classname="mathlab.tests.unit.test_python_repl.TestIsolationMode" name="test_variable_does_not_persist" time="0.178" /><testcase classname="mathlab.tests.unit.test_python_repl.TestModeSwitching" name="test_switch_to_isolation_clears_context" time="0.193" /><testcase classname="mathlab.tests.unit.test_python_repl.TestClearSession" name="test_clear_removes_all_variables" time="0.202" /><testcase classname="mathlab.tests.unit.test_sandbox.TestSandboxProcess" name="test_run_code_success" time="0.131" /><testcase classname="mathlab.tests.unit.test_sandbox.TestSandboxProcess" name="test_sandbox_timeout" time="2.182" /><testcase classname="mathlab.tests.unit.test_sandbox.TestSandboxProcess" name="test_sandbox_memory_limit" time="0.242" /><testcase classname="mathlab.tests.unit.test_sandbox.TestSandboxProcess" name="test_sandbox_normal_execution" time="0.200" /><testcase classname="mathlab.tests.unit.test_sandbox.TestSandboxManager" name="test_create_sandbox" time="0.001" /><testcase classname="mathlab.tests.unit.test_sandbox.TestNormalExecution" name="test_hello_world" time="0.150" /><testcase classname="mathlab.tests.unit.test_sandbox.TestNormalExecution" name="test_numpy_import" time="0.204" /><testcase classname="mathlab.tests.unit.test_sandbox.TestTimeoutProtection" name="test_infinite_loop_killed" time="2.235" /><testcase classname="mathlab.tests.unit.test_sandbox.TestSandboxIsolation" name="test_variable_does_not_persist" time="0.168" /><testcase classname="mathlab.tests.unit.test_student_model.TestCognitiveLevel" name="test_from_string_chinese" time="0.001" /><testcase classname="mathlab.tests.unit.test_student_model.TestCognitiveLevel" name="test_from_string_english" time="0.000" /><testcase classname="mathlab.tests.unit.test_student_model.TestCognitiveLevel" name="test_from_string_invalid_defaults_to_understand" time="0.000" /><testcase classname="mathlab.tests.unit.test_student_model.TestCognitiveLevel" name="test_to_chinese" time="0.000" /><testcase classname="mathlab.tests.unit.test_student_model.TestCognitiveLevel" name="test_hierarchy_order" time="0.000" /><testcase classname="mathlab.tests.unit.test_student_model.TestStudentModel" name="test_initial_state" time="0.000" /><testcase classname="mathlab.tests.unit.test_student_model.TestStudentModel" name="test_record_correct_answer_increases_mastery" time="0.000" /><testcase classname="mathlab.tests.unit.test_student_model.TestStudentModel" name="test_record_wrong_answer_decreases_mastery" time="0.000" /><testcase classname="mathlab.tests.unit.test_student_model.TestStudentModel" name="test_cognitive_level_promotion_on_success" time="0.000" /><testcase classname="mathlab.tests.unit.test_student_model.TestStudentModel" name="test_cognitive_level_capped_at_create" time="0.000" /><testcase classname="mathlab.tests.unit.test_student_model.TestStudentModel" name="test_engagement_score_increases_on_success" time="0.000" /><testcase classname="mathlab.tests.unit.test_student_model.TestStudentModel" name="test_engagement_score_decreases_on_failure" time="0.000" /><testcase classname="mathlab.tests.unit.test_student_model.TestStudentModel" name="test_engagement_score_floor" time="0.000" /><testcase classname="mathlab.tests.unit.test_student_model.TestStudentModel" name="test_weakness_areas_tracking" time="0.000" /><testcase classname="mathlab.tests.unit.test_student_model.TestStudentModel" name="test_mastery_level_description" time="0.000" /><testcase classname="mathlab.tests.unit.test_student_model.TestStudentModel" name="test_zpd_zone" time="0.000" /><testcase classname="mathlab.tests.unit.test_student_model.TestStudentModel" name="test_zpd_zone_at_max" time="0.000" /><testcase classname="mathlab.tests.unit.test_student_model.TestStudentModel" name="test_interaction_history_truncation" time="0.001" /><testcase classname="mathlab.tests.unit.test_student_model.TestStudentModel" name="test_learning_style_inference_visual" time="0.000" /><testcase classname="mathlab.tests.unit.test_student_model.TestStudentModel" name="test_learning_style_inference_analytical" time="0.000" /><testcase classname="mathlab.tests.unit.test_student_model.TestStudentModel" name="test_profile_summary" time="0.000" /><testcase classname="mathlab.tests.unit.test_student_model.TestStudentModel" name="test_serialization_roundtrip" time="0.000" /><testcase classname="mathlab.tests.unit.test_student_model.TestAdaptiveEngine" name="test_build_adaptive_prompt_contains_key_sections" time="0.000" /><testcase classname="mathlab.tests.unit.test_student_model.TestAdaptiveEngine" name="test_build_adaptive_prompt_includes_weakness" time="0.001" /><testcase classname="mathlab.tests.unit.test_student_model.TestAdaptiveEngine" name="test_classify_interaction_draw" time="0.001" /><testcase classname="mathlab.tests.unit.test_student_model.TestAdaptiveEngine" name="test_classify_interaction_solve" time="0.000" /><testcase classname="mathlab.tests.unit.test_student_model.TestAdaptiveEngine" name="test_classify_interaction_explain" time="0.000" /><testcase classname="mathlab.tests.unit.test_student_model.TestAdaptiveEngine" name="test_extract_knowledge_point" time="0.000" /><testcase classname="mathlab.tests.unit.test_student_model.TestAdaptiveEngine" name="test_difficulty_suggestion_high_success" time="0.000" /><testcase classname="mathlab.tests.unit.test_student_model.TestAdaptiveEngine" name="test_difficulty_suggestion_low_success" time="0.000" /><testcase classname="mathlab.tests.unit.test_student_model.TestAdaptiveEngine" name="test_recommended_cognitive_demand" time="0.000" /><testcase classname="mathlab.tests.unit.test_student_model.TestAdaptiveEngine" name="test_recommended_cognitive_demand_low_engagement" time="0.000" /><testcase classname="mathlab.tests.unit.test_student_model.TestStudentModelManager" name="test_persistence_roundtrip" time="0.008" /><testcase classname="mathlab.tests.unit.test_student_model.TestStudentModelManager" name="test_reset_model" time="0.002" /><testcase classname="mathlab.tests.unit.test_student_model.TestStudentModelManager" name="test_save_all" time="0.003" /><testcase classname="mathlab.tests.unit.test_student_model.TestStudentModelManager" name="test_default_storage_dir" time="0.001" /><testcase classname="mathlab.tests.unit.test_theme_manager.TestThemeManager" name="test_themes_exist" time="0.000" /><testcase classname="mathlab.tests.unit.test_theme_manager.TestThemeManager" name="test_theme_has_required_keys" time="0.000" /><testcase classname="mathlab.tests.unit.test_theme_manager.TestThemeManager" name="test_get_theme_colors" time="0.000" /><testcase classname="mathlab.tests.unit.test_theme_manager.TestThemeManager" name="test_get_theme_colors_default" time="0.001" /><testcase classname="mathlab.tests.unit.test_theme_manager.TestThemeManager" name="test_dark_theme_colors" time="0.000" /><testcase classname="mathlab.tests.unit.test_theme_manager.TestThemeManager" name="test_sepia_theme_colors" time="0.000" /></testsuite></testsuites>